<html>
<body>
<pre>
<h1>µVision Build Log</h1>
<h2>Tool Versions:</h2>
IDE-Version: µVision V5.21.1.0
Copyright (C) 2016 ARM Ltd and ARM Germany GmbH. All rights reserved.
License Information: Anh ADMIN, ptit, LIC=YA39H-WWDH8-JJZ6S-LTG8J-CWLZ0-W72N7
 
Tool Versions:
Toolchain:       MDK-ARM Plus  Version: 5.21a
Toolchain Path:  D:\Laptrinhvidieukhien\ARM\ARMCC\Bin
C Compiler:      Armcc.exe V5.06 update 3 (build 300)
Assembler:       Armasm.exe V5.06 update 3 (build 300)
Linker/Locator:  ArmLink.exe V5.06 update 3 (build 300)
Library Manager: ArmAr.exe V5.06 update 3 (build 300)
Hex Converter:   FromElf.exe V5.06 update 3 (build 300)
CPU DLL:         SARMCM3.DLL V5.21a
Dialog DLL:      DCM.DLL V1.13.8.0
Target DLL:      STLink\ST-LINKIII-KEIL_SWO.dll V2.0.18.0
Dialog DLL:      TCM.DLL V1.14.14.0
 
<h2>Project:</h2>
H:\Lap_trinh_vi_dieu_khien\LabD20\library\lcd_lib.h\MDK\lcd_8bit.uvprojx
Project File Date:  07/09/2022

<h2>Output:</h2>
*** Using Compiler 'V5.06 update 3 (build 300)', folder: 'D:\Laptrinhvidieukhien\ARM\ARMCC\Bin'
Rebuild target 'Target 1'
compiling main.c...
..\USER\main.c(13): warning:  #1-D: last line of file ends without a newline
  }
..\USER\main.c: 1 warning, 0 errors
compiling delay.c...
..\USER\delay.c(35): warning:  #1-D: last line of file ends without a newline
  }
..\USER\delay.c: 1 warning, 0 errors
compiling lcd_8bit.c...
..\USER\lcd_8bit.c(37): warning:  #188-D: enumerated type mixed with another type
  	GPIO_WriteBit(
PIOA,
CD_D0, data & 1);
..\USER\lcd_8bit.c(38): warning:  #188-D: enumerated type mixed with another type
  	GPIO_WriteBit(
PIOA,
CD_D1, ( data >> 1) & 1);
..\USER\lcd_8bit.c(39): warning:  #188-D: enumerated type mixed with another type
  	GPIO_WriteBit(
PIOA,
CD_D2, ( data >> 2) & 1);
..\USER\lcd_8bit.c(40): warning:  #188-D: enumerated type mixed with another type
  	GPIO_WriteBit(
PIOA,
CD_D3, ( data >> 3) & 1);
..\USER\lcd_8bit.c(41): warning:  #188-D: enumerated type mixed with another type
  	GPIO_WriteBit(
PIOA,
CD_D4, ( data >> 4) & 1);
..\USER\lcd_8bit.c(42): warning:  #188-D: enumerated type mixed with another type
  	GPIO_WriteBit(
PIOA,
CD_D5, ( data >> 5) & 1);
..\USER\lcd_8bit.c(43): warning:  #188-D: enumerated type mixed with another type
  	GPIO_WriteBit(
PIOA,
CD_D6, ( data >> 6) & 1);
..\USER\lcd_8bit.c(44): warning:  #188-D: enumerated type mixed with another type
  	GPIO_WriteBit(
PIOA,
CD_D7, ( data >> 7) & 1);
..\USER\lcd_8bit.c: 8 warnings, 0 errors
compiling misc.c...
compiling stm32f10x_rcc.c...
compiling stm32f10x_gpio.c...
compiling stm32f10x_tim.c...
assembling startup_stm32f10x_md.s...
compiling GPIO_STM32F10x.c...
compiling system_stm32f10x.c...
linking...
Program Size: Code=1712 RO-data=268 RW-data=28 ZI-data=1636  
".\Objects\lcd_8bit.axf" - 0 Error(s), 10 Warning(s).

<h2>Software Packages used:</h2>

Package Vendor: ARM
                http://www.keil.com/pack/ARM.CMSIS.5.5.1.pack
                ARM::CMSIS:CORE:5.2.0
                CMSIS (Cortex Microcontroller Software Interface Standard)
   * Component: CORE Version: 5.2.0

Package Vendor: Keil
                http://www.keil.com/pack/Keil.STM32F1xx_DFP.2.1.0.pack
                Keil::Device:Startup:1.0.0
                STMicroelectronics STM32F1 Series Device Support, Drivers and Examples
   * Component: Startup Version: 1.0.0
   * Component: RCC Version: 3.5.0
   * Component: Framework Version: 3.5.1
   * Component: TIM Version: 3.5.0
   * Component: GPIO Version: 1.2
   * Component: GPIO Version: 3.5.0

<h2>Collection of Component include folders:</h2>
  H:\Lap_trinh_vi_dieu_khien\LabD20\library\lcd_lib.h\MDK\RTE
  H:\Lap_trinh_vi_dieu_khien\LabD20\library\lcd_lib.h\MDK\RTE\Device\STM32F103C8
  D:\Laptrinhvidieukhien\ARM\CMSIS\5.5.1\CMSIS\Core\Include
  D:\Laptrinhvidieukhien\Keil\STM32F1xx_DFP\2.1.0\Device\Include
  D:\Laptrinhvidieukhien\Keil\STM32F1xx_DFP\2.1.0\Device\StdPeriph_Driver\inc
  D:\Laptrinhvidieukhien\Keil\STM32F1xx_DFP\2.1.0\RTE_Driver

<h2>Collection of Component Files used:</h2>

   * Component: ARM::CMSIS:CORE:5.2.0

   * Component: Keil::Device:Startup:1.0.0
      Source file:   Device\Source\ARM\STM32F1xx_OPT.s
      Source file:   Device\Source\ARM\startup_stm32f10x_md.s
      Source file:   Device\Source\system_stm32f10x.c
      Include file:  RTE_Driver\Config\RTE_Device.h

   * Component: Keil::Device:StdPeriph Drivers:RCC:3.5.0
      Include file:  Device\StdPeriph_Driver\inc\stm32f10x_rcc.h
      Source file:   Device\StdPeriph_Driver\src\stm32f10x_rcc.c

   * Component: Keil::Device:StdPeriph Drivers:Framework:3.5.1
      Source file:   Device\StdPeriph_Driver\src\misc.c
      Source file:   Device\StdPeriph_Driver\templates\stm32f10x_conf.h
      Include file:  Device\StdPeriph_Driver\templates\stm32f10x_it.h
      Include file:  Device\StdPeriph_Driver\inc\misc.h
      Source file:   Device\StdPeriph_Driver\templates\stm32f10x_it.c

   * Component: Keil::Device:StdPeriph Drivers:TIM:3.5.0
      Source file:   Device\StdPeriph_Driver\src\stm32f10x_tim.c
      Include file:  Device\StdPeriph_Driver\inc\stm32f10x_tim.h

   * Component: Keil::Device:GPIO:1.2
      Include file:  RTE_Driver\GPIO_STM32F10x.h
      Source file:   RTE_Driver\GPIO_STM32F10x.c

   * Component: Keil::Device:StdPeriph Drivers:GPIO:3.5.0
      Include file:  Device\StdPeriph_Driver\inc\stm32f10x_gpio.h
      Source file:   Device\StdPeriph_Driver\src\stm32f10x_gpio.c
Build Time Elapsed:  00:00:01
</pre>
</body>
</html>
