<html>
<body>
<pre>
<h1>µVision Build Log</h1>
<h2>Tool Versions:</h2>
IDE-Version: µVision V5.21.1.0
Copyright (C) 2016 ARM Ltd and ARM Germany GmbH. All rights reserved.
License Information: Anh ADMIN, ptit, LIC=YA39H-WWDH8-JJZ6S-LTG8J-CWLZ0-W72N7
 
Tool Versions:
Toolchain:       MDK-ARM Plus  Version: 5.21a
Toolchain Path:  D:\Laptrinhvidieukhien\ARM\ARMCC\Bin
C Compiler:      Armcc.exe V5.06 update 3 (build 300)
Assembler:       Armasm.exe V5.06 update 3 (build 300)
Linker/Locator:  ArmLink.exe V5.06 update 3 (build 300)
Library Manager: ArmAr.exe V5.06 update 3 (build 300)
Hex Converter:   FromElf.exe V5.06 update 3 (build 300)
CPU DLL:         SARMCM3.DLL V5.21a
Dialog DLL:      DCM.DLL V1.13.8.0
Target DLL:      STLink\ST-LINKIII-KEIL_SWO.dll V2.0.18.0
Dialog DLL:      TCM.DLL V1.14.14.0
 
<h2>Project:</h2>
H:\Lap_trinh_vi_dieu_khien\LabD20\GPIO\BlinkLed_lib\MDK\blink_led_lib.uvprojx
Project File Date:  07/03/2022

<h2>Output:</h2>
*** Using Compiler 'V5.06 update 3 (build 300)', folder: 'D:\Laptrinhvidieukhien\ARM\ARMCC\Bin'
Rebuild target 'Target 1'
assembling startup_stm32f10x_md.s...
compiling blink_led_lib.c...
..\USER\blink_led_lib.c(44): warning:  #188-D: enumerated type mixed with another type
  		GPIO_WriteBit(
PIOA,
PIO_Pin_15,a[i]);
..\USER\blink_led_lib.c(45): warning:  #188-D: enumerated type mixed with another type
  		GPIO_WriteBit(
PIOB,
PIO_Pin_4,a[i]);
..\USER\blink_led_lib.c(46): warning:  #188-D: enumerated type mixed with another type
  		GPIO_WriteBit(
PIOB,
PIO_Pin_6,a[i]);
..\USER\blink_led_lib.c(47): warning:  #188-D: enumerated type mixed with another type
  		GPIO_WriteBit(
PIOB,
PIO_Pin_8,a[i]);
..\USER\blink_led_lib.c(48): warning:  #188-D: enumerated type mixed with another type
  		GPIO_WriteBit(
PIOB,
PIO_Pin_3,a[i+1]);
..\USER\blink_led_lib.c(49): warning:  #188-D: enumerated type mixed with another type
  		GPIO_WriteBit(
PIOB,
PIO_Pin_5,a[i+1]);
..\USER\blink_led_lib.c(50): warning:  #188-D: enumerated type mixed with another type
  		GPIO_WriteBit(
PIOB,
PIO_Pin_7,a[i+1]);
..\USER\blink_led_lib.c(51): warning:  #188-D: enumerated type mixed with another type
  		GPIO_WriteBit(
PIOB,
PIO_Pin_9,a[i+1]);
..\USER\blink_led_lib.c(64): warning:  #188-D: enumerated type mixed with another type
  	GPIO_WriteBit(
PIOA,
PIO_Pin_15,0);
..\USER\blink_led_lib.c(66): warning:  #188-D: enumerated type mixed with another type
  	GPIO_WriteBit(
PIOA,
PIO_Pin_15,1);
..\USER\blink_led_lib.c(75): warning:  #188-D: enumerated type mixed with another type
  	GPIO_WriteBit(
PIOA,
PIO_Pin_15,0);
..\USER\blink_led_lib.c(77): warning:  #188-D: enumerated type mixed with another type
  	GPIO_WriteBit(
PIOA,
PIO_Pin_15,1);
..\USER\blink_led_lib.c(92): warning:  #1-D: last line of file ends without a newline
  }
..\USER\blink_led_lib.c: 13 warnings, 0 errors
compiling main.c...
..\USER\blink_led_lib.h(31): warning:  #1-D: last line of file ends without a newline
  /******************************************************************************/
..\USER\main.c: 1 warning, 0 errors
compiling misc.c...
compiling stm32f10x_gpio.c...
compiling stm32f10x_rcc.c...
compiling GPIO_STM32F10x.c...
compiling system_stm32f10x.c...
linking...
Program Size: Code=1244 RO-data=252 RW-data=0 ZI-data=1632  
".\Objects\blink_led_lib.axf" - 0 Error(s), 14 Warning(s).

<h2>Software Packages used:</h2>

Package Vendor: ARM
                http://www.keil.com/pack/ARM.CMSIS.5.5.1.pack
                ARM::CMSIS:CORE:5.2.0
                CMSIS (Cortex Microcontroller Software Interface Standard)
   * Component: CORE Version: 5.2.0

Package Vendor: Keil
                http://www.keil.com/pack/Keil.STM32F1xx_DFP.2.1.0.pack
                Keil::Device:Startup:1.0.0
                STMicroelectronics STM32F1 Series Device Support, Drivers and Examples
   * Component: Startup Version: 1.0.0
   * Component: Framework Version: 3.5.1
   * Component: GPIO Version: 3.5.0
   * Component: GPIO Version: 1.2
   * Component: RCC Version: 3.5.0

<h2>Collection of Component include folders:</h2>
  H:\Lap_trinh_vi_dieu_khien\LabD20\GPIO\BlinkLed_lib\MDK\RTE
  H:\Lap_trinh_vi_dieu_khien\LabD20\GPIO\BlinkLed_lib\MDK\RTE\Device\STM32F103C8
  D:\Laptrinhvidieukhien\ARM\CMSIS\5.5.1\CMSIS\Core\Include
  D:\Laptrinhvidieukhien\Keil\STM32F1xx_DFP\2.1.0\Device\Include
  D:\Laptrinhvidieukhien\Keil\STM32F1xx_DFP\2.1.0\Device\StdPeriph_Driver\inc
  D:\Laptrinhvidieukhien\Keil\STM32F1xx_DFP\2.1.0\RTE_Driver

<h2>Collection of Component Files used:</h2>

   * Component: ARM::CMSIS:CORE:5.2.0

   * Component: Keil::Device:Startup:1.0.0
      Source file:   Device\Source\system_stm32f10x.c
      Source file:   Device\Source\ARM\STM32F1xx_OPT.s
      Include file:  RTE_Driver\Config\RTE_Device.h
      Source file:   Device\Source\ARM\startup_stm32f10x_md.s

   * Component: Keil::Device:StdPeriph Drivers:Framework:3.5.1
      Include file:  Device\StdPeriph_Driver\inc\misc.h
      Source file:   Device\StdPeriph_Driver\src\misc.c
      Source file:   Device\StdPeriph_Driver\templates\stm32f10x_conf.h
      Include file:  Device\StdPeriph_Driver\templates\stm32f10x_it.h
      Source file:   Device\StdPeriph_Driver\templates\stm32f10x_it.c

   * Component: Keil::Device:StdPeriph Drivers:GPIO:3.5.0
      Include file:  Device\StdPeriph_Driver\inc\stm32f10x_gpio.h
      Source file:   Device\StdPeriph_Driver\src\stm32f10x_gpio.c

   * Component: Keil::Device:GPIO:1.2
      Include file:  RTE_Driver\GPIO_STM32F10x.h
      Source file:   RTE_Driver\GPIO_STM32F10x.c

   * Component: Keil::Device:StdPeriph Drivers:RCC:3.5.0
      Include file:  Device\StdPeriph_Driver\inc\stm32f10x_rcc.h
      Source file:   Device\StdPeriph_Driver\src\stm32f10x_rcc.c
Build Time Elapsed:  00:00:01
</pre>
</body>
</html>
